[2026-08-07 08:59:40] [SUCCESS] Le fichier de paramètres 'D:\200 - Développement info\assoconnect_interro_api\Parametres\Params.psd1' est chargé.
[2026-08-07 08:59:40] [INFO] Début du script
[2026-08-07 08:59:40] [SUCCESS] Le fichier 'D:\200 - Développement info\assoconnect_interro_api\Output\Groups_avances.csv' a été renommé en 'Groups_avances_20260807_085940.csv'.
[2026-08-07 08:59:40] [SUCCESS] Le fichier 'D:\200 - Développement info\assoconnect_interro_api\Output\Groups_avances.json' a été renommé en 'Groups_avances_20260807_085940.json'.
[2026-08-07 08:59:40] [SUCCESS] Le fichier 'D:\200 - Développement info\assoconnect_interro_api\Input\ARD_DT.csv' est chargé.
[2026-08-07 08:59:40] [INFO] Indexation des groupes avancés ARD_DT terminée. Nombre de groupes : 15
[2026-08-07 08:59:41] [INFO] Nombre total d'éléments : 395
[2026-08-07 08:59:43] [WARNING] Le groupe avancé avec l'ID 01H0HTD2DQH6GWG0SR5ZAH5W6Z est exclu car il est présent dans la liste ARD_DT.
[2026-08-07 08:59:55] [WARNING] Le groupe avancé avec l'ID 01H0HTETAB1V2F7QDR9G0KDW4D est exclu car il est présent dans la liste ARD_DT.
[2026-08-07 09:00:01] [WARNING] Le groupe avancé avec l'ID 01H0HTFPJ18YE6481ZEV4EBZKV est exclu car il est présent dans la liste ARD_DT.
[2026-08-07 09:00:01] [WARNING] Le groupe avancé avec l'ID 01H0HTFQB0TDPGWF9QBKPS715V est exclu car il est présent dans la liste ARD_DT.
[2026-08-07 09:00:09] [WARNING] Le groupe avancé avec l'ID 01H0HTHEW4QVWNP2VTM1X7X14F est exclu car il est présent dans la liste ARD_DT.
[2026-08-07 09:00:09] [WARNING] Le groupe avancé avec l'ID 01H0HTHGRYD0K02FJM02BHD2QW est exclu car il est présent dans la liste ARD_DT.
[2026-08-07 09:00:12] [WARNING] Le groupe avancé avec l'ID 01H0HTJERXMADQ6XQK60KTATFV est exclu car il est présent dans la liste ARD_DT.
[2026-08-07 09:00:14] [WARNING] Le groupe avancé avec l'ID 01HM8MXZNB4M99TKDFNBYCKM1N est exclu car il est présent dans la liste ARD_DT.
[2026-08-07 09:00:14] [WARNING] Le groupe avancé avec l'ID 01HNFW9NDNEP4BB1YVGCEBZ5DY est exclu car il est présent dans la liste ARD_DT.
[2026-08-07 09:00:14] [WARNING] Le groupe avancé avec l'ID 01HNFXGEPDFJH2ZJ1VR5QR2PXF est exclu car il est présent dans la liste ARD_DT.
[2026-08-07 09:00:17] [WARNING] Le groupe avancé avec l'ID 01J1HK6H6HVWPE1AC28AMRSWE2 est exclu car il est présent dans la liste ARD_DT.
[2026-08-07 09:00:18] [WARNING] Le groupe avancé avec l'ID 01JJPBYHGXQ4NTY33ZFMAC99CV est exclu car il est présent dans la liste ARD_DT.
[2026-08-07 09:00:18] [WARNING] Le groupe avancé avec l'ID 01JQZXXMS8TWWY7DREQWREHPYH est exclu car il est présent dans la liste ARD_DT.
[2026-08-07 09:00:18] [WARNING] Le groupe avancé avec l'ID 01K3NZ2ADQ8DKJ2ZSM4WSG607H est exclu car il est présent dans la liste ARD_DT.
[2026-08-07 09:00:18] [WARNING] Le groupe avancé avec l'ID 01K6DTP590YMRWGNNZ26G12JDE est exclu car il est présent dans la liste ARD_DT.
[2026-08-07 09:00:19] [INFO] Fin du script
[2026-08-07 14:39:21] [SUCCESS] Le fichier de paramètres 'D:\200 - Développement info\assoconnect_interro_api\Parametres\Params.psd1' est chargé.
[2026-08-07 14:39:50] [SUCCESS] Le fichier de paramètres 'D:\200 - Développement info\assoconnect_interro_api\Parametres\Params.psd1' est chargé.
[2026-08-07 14:42:25] [SUCCESS] Le fichier de paramètres 'D:\200 - Développement info\assoconnect_interro_api\Parametres\Params.psd1' est chargé.
[2026-08-07 14:42:25] [INFO] Début du script
