[2026-08-05 22:02:44] [INFO] Début du script
[2026-08-05 22:02:44] [SUCCESS] Le fichier de paramètres 'D:\200 - Développement info\assoconnect_interro_api\Parametres\Params.psd1' est chargé.
[2026-08-05 22:02:44] [SUCCESS] Le fichier 'D:\200 - Développement info\assoconnect_interro_api\Input\ARD_DT.csv' est chargé.
[2026-08-05 22:02:44] [INFO] Fin du script
[2026-08-05 22:04:19] [INFO] Début du script
[2026-08-05 22:04:19] [SUCCESS] Le fichier de paramètres 'D:\200 - Développement info\assoconnect_interro_api\Parametres\Params.psd1' est chargé.
[2026-08-05 22:04:19] [SUCCESS] Le fichier 'D:\200 - Développement info\assoconnect_interro_api\Input\ARD_DT.csv' est chargé.
[2026-08-05 22:04:19] [INFO] Fin du script
[2026-08-05 22:05:56] [INFO] Début du script
[2026-08-05 22:05:56] [SUCCESS] Le fichier de paramètres 'D:\200 - Développement info\assoconnect_interro_api\Parametres\Params.psd1' est chargé.
[2026-08-05 22:05:56] [SUCCESS] Le fichier 'D:\200 - Développement info\assoconnect_interro_api\Input\ARD_DT.csv' est chargé.
[2026-08-05 22:05:56] [INFO] Fin du script
[2026-08-05 22:06:05] [INFO] Début du script
[2026-08-05 22:06:05] [SUCCESS] Le fichier de paramètres 'D:\200 - Développement info\assoconnect_interro_api\Parametres\Params.psd1' est chargé.
[2026-08-05 22:06:05] [SUCCESS] Le fichier 'D:\200 - Développement info\assoconnect_interro_api\Input\ARD_DT.csv' est chargé.
[2026-08-05 22:06:06] [INFO] Fin du script
[2026-08-05 22:08:33] [INFO] Début du script
[2026-08-05 22:08:33] [SUCCESS] Le fichier de paramètres 'D:\200 - Développement info\assoconnect_interro_api\Parametres\Params.psd1' est chargé.
[2026-08-05 22:08:33] [SUCCESS] Le fichier 'D:\200 - Développement info\assoconnect_interro_api\Input\ARD_DT.csv' est chargé.
[2026-08-05 22:08:33] [INFO] Fin du script
[2026-08-05 22:10:20] [INFO] Début du script
[2026-08-05 22:10:20] [SUCCESS] Le fichier de paramètres 'D:\200 - Développement info\assoconnect_interro_api\Parametres\Params.psd1' est chargé.
[2026-08-05 22:10:20] [SUCCESS] Le fichier 'D:\200 - Développement info\assoconnect_interro_api\Input\ARD_DT.csv' est chargé.
[2026-08-05 22:10:20] [INFO] Fin du script
[2026-08-05 22:11:59] [INFO] Début du script
[2026-08-05 22:11:59] [SUCCESS] Le fichier de paramètres 'D:\200 - Développement info\assoconnect_interro_api\Parametres\Params.psd1' est chargé.
[2026-08-05 22:11:59] [SUCCESS] Le fichier 'D:\200 - Développement info\assoconnect_interro_api\Input\ARD_DT.csv' est chargé.
[2026-08-05 22:11:59] [INFO] Indexation des groupes avancés terminée. Nombre de groupes : 14
[2026-08-05 22:11:59] [INFO] Fin du script
