[2026-08-07 14:53:25] [SUCCESS] Le fichier de paramètres 'D:\200 - Développement info\assoconnect_interro_api\Parametres\Params.psd1' est chargé.
[2026-08-07 14:54:24] [INFO] Début du script
[2026-08-07 15:13:51] [SUCCESS] Le fichier de paramètres 'D:\200 - Développement info\assoconnect_interro_api\Parametres\Params.psd1' est chargé.
[2026-08-07 15:14:02] [INFO] Début du script
[2026-08-07 15:14:02] [INFO] Le fichier 'D:\200 - Développement info\assoconnect_interro_api\Output\contacts.csv' n'existe pas. Aucun renommage nécessaire.
[2026-08-07 15:14:02] [INFO] Le fichier 'D:\200 - Développement info\assoconnect_interro_api\Output\contacts.json' n'existe pas. Aucun renommage nécessaire.
[2026-08-07 15:14:05] [SUCCESS] Le fichier 'D:\200 - Développement info\assoconnect_interro_api\Output\groups_avances.csv' est chargé.
[2026-08-07 15:14:05] [INFO] Indexation des groupes avancés terminée. Nombre de groupes : 295
[2026-08-07 15:26:43] [SUCCESS] Le fichier de paramètres 'D:\200 - Développement info\assoconnect_interro_api\Parametres\Params.psd1' est chargé.
[2026-08-07 15:26:43] [INFO] Début du script
[2026-08-07 15:26:43] [INFO] Le fichier 'D:\200 - Développement info\assoconnect_interro_api\Output\contacts.csv' n'existe pas. Aucun renommage nécessaire.
[2026-08-07 15:26:43] [INFO] Le fichier 'D:\200 - Développement info\assoconnect_interro_api\Output\contacts.json' n'existe pas. Aucun renommage nécessaire.
[2026-08-07 15:26:48] [SUCCESS] Le fichier 'D:\200 - Développement info\assoconnect_interro_api\Output\groups_avances.csv' est chargé.
[2026-08-07 15:26:48] [INFO] Indexation des groupes avancés terminée. Nombre de groupes : 295
[2026-08-07 15:27:14] [SUCCESS] Le fichier de paramètres 'D:\200 - Développement info\assoconnect_interro_api\Parametres\Params.psd1' est chargé.
[2026-08-07 15:27:14] [INFO] Début du script
[2026-08-07 15:27:14] [INFO] Le fichier 'D:\200 - Développement info\assoconnect_interro_api\Output\contacts.csv' n'existe pas. Aucun renommage nécessaire.
[2026-08-07 15:27:14] [INFO] Le fichier 'D:\200 - Développement info\assoconnect_interro_api\Output\contacts.json' n'existe pas. Aucun renommage nécessaire.
[2026-08-07 15:27:14] [SUCCESS] Le fichier 'D:\200 - Développement info\assoconnect_interro_api\Output\groups_avances.csv' est chargé.
[2026-08-07 15:27:14] [INFO] Indexation des groupes avancés terminée. Nombre de groupes : 295
[2026-08-07 15:33:42] [SUCCESS] Le fichier de paramètres 'D:\200 - Développement info\assoconnect_interro_api\Parametres\Params.psd1' est chargé.
[2026-08-07 15:33:42] [INFO] Début du script
[2026-08-07 15:33:42] [INFO] Le fichier 'D:\200 - Développement info\assoconnect_interro_api\Output\contacts.csv' n'existe pas. Aucun renommage nécessaire.
[2026-08-07 15:33:42] [INFO] Le fichier 'D:\200 - Développement info\assoconnect_interro_api\Output\contacts.json' n'existe pas. Aucun renommage nécessaire.
[2026-08-07 15:33:42] [SUCCESS] Le fichier 'D:\200 - Développement info\assoconnect_interro_api\Output\groups_avances.csv' est chargé.
[2026-08-07 15:33:42] [INFO] Indexation des groupes avancés terminée. Nombre de groupes : 295
[2026-08-07 15:35:11] [SUCCESS] Le fichier de paramètres 'D:\200 - Développement info\assoconnect_interro_api\Parametres\Params.psd1' est chargé.
[2026-08-07 15:35:11] [INFO] Début du script
[2026-08-07 15:35:11] [INFO] Le fichier 'D:\200 - Développement info\assoconnect_interro_api\Output\contacts.csv' n'existe pas. Aucun renommage nécessaire.
[2026-08-07 15:35:11] [INFO] Le fichier 'D:\200 - Développement info\assoconnect_interro_api\Output\contacts.json' n'existe pas. Aucun renommage nécessaire.
[2026-08-07 15:35:11] [SUCCESS] Le fichier 'D:\200 - Développement info\assoconnect_interro_api\Output\groups_avances.csv' est chargé.
[2026-08-07 15:35:11] [INFO] Indexation des groupes avancés terminée. Nombre de groupes : 295
[2026-08-07 15:35:11] [ERROR] Erreur lors de la lecture de la page 1 : Le serveur distant a retourné une erreur : (404) Introuvable.
[2026-08-07 15:38:39] [SUCCESS] Le fichier de paramètres 'D:\200 - Développement info\assoconnect_interro_api\Parametres\Params.psd1' est chargé.
[2026-08-07 15:38:39] [INFO] Début du script
[2026-08-07 15:38:39] [INFO] Le fichier 'D:\200 - Développement info\assoconnect_interro_api\Output\contacts.csv' n'existe pas. Aucun renommage nécessaire.
[2026-08-07 15:38:39] [INFO] Le fichier 'D:\200 - Développement info\assoconnect_interro_api\Output\contacts.json' n'existe pas. Aucun renommage nécessaire.
[2026-08-07 15:38:39] [SUCCESS] Le fichier 'D:\200 - Développement info\assoconnect_interro_api\Output\groups_avances.csv' est chargé.
[2026-08-07 15:38:39] [INFO] Indexation des groupes avancés terminée. Nombre de groupes : 295
[2026-08-07 15:38:39] [ERROR] Erreur lors de la lecture de la page 1 : Le serveur distant a retourné une erreur : (404) Introuvable.
[2026-08-07 15:39:33] [SUCCESS] Le fichier de paramètres 'D:\200 - Développement info\assoconnect_interro_api\Parametres\Params.psd1' est chargé.
[2026-08-07 15:39:33] [INFO] Début du script
[2026-08-07 15:39:33] [INFO] Le fichier 'D:\200 - Développement info\assoconnect_interro_api\Output\contacts.csv' n'existe pas. Aucun renommage nécessaire.
[2026-08-07 15:39:33] [INFO] Le fichier 'D:\200 - Développement info\assoconnect_interro_api\Output\contacts.json' n'existe pas. Aucun renommage nécessaire.
[2026-08-07 15:39:33] [SUCCESS] Le fichier 'D:\200 - Développement info\assoconnect_interro_api\Output\groups_avances.csv' est chargé.
[2026-08-07 15:39:33] [INFO] Indexation des groupes avancés terminée. Nombre de groupes : 295
[2026-08-07 15:40:14] [SUCCESS] Le fichier de paramètres 'D:\200 - Développement info\assoconnect_interro_api\Parametres\Params.psd1' est chargé.
[2026-08-07 15:40:14] [INFO] Début du script
[2026-08-07 15:40:14] [INFO] Le fichier 'D:\200 - Développement info\assoconnect_interro_api\Output\contacts.csv' n'existe pas. Aucun renommage nécessaire.
[2026-08-07 15:40:14] [INFO] Le fichier 'D:\200 - Développement info\assoconnect_interro_api\Output\contacts.json' n'existe pas. Aucun renommage nécessaire.
[2026-08-07 15:40:14] [SUCCESS] Le fichier 'D:\200 - Développement info\assoconnect_interro_api\Output\groups_avances.csv' est chargé.
[2026-08-07 15:40:14] [INFO] Indexation des groupes avancés terminée. Nombre de groupes : 295
[2026-08-07 15:40:58] [SUCCESS] Le fichier de paramètres 'D:\200 - Développement info\assoconnect_interro_api\Parametres\Params.psd1' est chargé.
[2026-08-07 15:40:58] [INFO] Début du script
[2026-08-07 15:40:58] [INFO] Le fichier 'D:\200 - Développement info\assoconnect_interro_api\Output\contacts.csv' n'existe pas. Aucun renommage nécessaire.
[2026-08-07 15:40:58] [INFO] Le fichier 'D:\200 - Développement info\assoconnect_interro_api\Output\contacts.json' n'existe pas. Aucun renommage nécessaire.
[2026-08-07 15:41:11] [SUCCESS] Le fichier 'D:\200 - Développement info\assoconnect_interro_api\Output\groups_avances.csv' est chargé.
[2026-08-07 15:41:11] [INFO] Indexation des groupes avancés terminée. Nombre de groupes : 295
[2026-08-07 15:42:40] [SUCCESS] Le fichier de paramètres 'D:\200 - Développement info\assoconnect_interro_api\Parametres\Params.psd1' est chargé.
[2026-08-07 15:42:40] [INFO] Début du script
[2026-08-07 15:42:40] [INFO] Le fichier 'D:\200 - Développement info\assoconnect_interro_api\Output\contacts.csv' n'existe pas. Aucun renommage nécessaire.
[2026-08-07 15:42:40] [INFO] Le fichier 'D:\200 - Développement info\assoconnect_interro_api\Output\contacts.json' n'existe pas. Aucun renommage nécessaire.
[2026-08-07 15:42:49] [SUCCESS] Le fichier 'D:\200 - Développement info\assoconnect_interro_api\Output\groups_avances.csv' est chargé.
[2026-08-07 15:42:49] [INFO] Indexation des groupes avancés terminée. Nombre de groupes : 295
[2026-08-07 15:44:13] [SUCCESS] Le fichier de paramètres 'D:\200 - Développement info\assoconnect_interro_api\Parametres\Params.psd1' est chargé.
[2026-08-07 15:44:13] [INFO] Début du script
[2026-08-07 15:44:13] [INFO] Le fichier 'D:\200 - Développement info\assoconnect_interro_api\Output\contacts.csv' n'existe pas. Aucun renommage nécessaire.
[2026-08-07 15:44:13] [INFO] Le fichier 'D:\200 - Développement info\assoconnect_interro_api\Output\contacts.json' n'existe pas. Aucun renommage nécessaire.
[2026-08-07 15:44:18] [SUCCESS] Le fichier 'D:\200 - Développement info\assoconnect_interro_api\Output\groups_avances.csv' est chargé.
[2026-08-07 15:44:18] [INFO] Indexation des groupes avancés terminée. Nombre de groupes : 295
[2026-08-07 15:51:26] [SUCCESS] Le fichier de paramètres 'D:\200 - Développement info\assoconnect_interro_api\Parametres\Params.psd1' est chargé.
[2026-08-07 15:51:26] [INFO] Début du script
[2026-08-07 15:51:26] [INFO] Le fichier 'D:\200 - Développement info\assoconnect_interro_api\Output\contacts.csv' n'existe pas. Aucun renommage nécessaire.
[2026-08-07 15:51:26] [INFO] Le fichier 'D:\200 - Développement info\assoconnect_interro_api\Output\contacts.json' n'existe pas. Aucun renommage nécessaire.
[2026-08-07 15:51:29] [SUCCESS] Le fichier 'D:\200 - Développement info\assoconnect_interro_api\Output\groups_avances.csv' est chargé.
[2026-08-07 15:51:29] [INFO] Indexation des groupes avancés terminée. Nombre de groupes : 295
[2026-08-07 15:52:11] [SUCCESS] Le fichier de paramètres 'D:\200 - Développement info\assoconnect_interro_api\Parametres\Params.psd1' est chargé.
[2026-08-07 15:52:11] [INFO] Début du script
[2026-08-07 15:52:11] [INFO] Le fichier 'D:\200 - Développement info\assoconnect_interro_api\Output\contacts.csv' n'existe pas. Aucun renommage nécessaire.
[2026-08-07 15:52:11] [INFO] Le fichier 'D:\200 - Développement info\assoconnect_interro_api\Output\contacts.json' n'existe pas. Aucun renommage nécessaire.
[2026-08-07 15:52:11] [SUCCESS] Le fichier 'D:\200 - Développement info\assoconnect_interro_api\Output\groups_avances.csv' est chargé.
[2026-08-07 15:52:11] [INFO] Indexation des groupes avancés terminée. Nombre de groupes : 295
[2026-08-07 15:53:20] [SUCCESS] Le fichier de paramètres 'D:\200 - Développement info\assoconnect_interro_api\Parametres\Params.psd1' est chargé.
[2026-08-07 15:53:20] [INFO] Début du script
[2026-08-07 15:53:20] [INFO] Le fichier 'D:\200 - Développement info\assoconnect_interro_api\Output\contacts.csv' n'existe pas. Aucun renommage nécessaire.
[2026-08-07 15:53:20] [INFO] Le fichier 'D:\200 - Développement info\assoconnect_interro_api\Output\contacts.json' n'existe pas. Aucun renommage nécessaire.
[2026-08-07 15:53:20] [SUCCESS] Le fichier 'D:\200 - Développement info\assoconnect_interro_api\Output\groups_avances.csv' est chargé.
[2026-08-07 15:53:20] [INFO] Indexation des groupes avancés terminée. Nombre de groupes : 295
[2026-08-07 16:04:40] [SUCCESS] Le fichier de paramètres 'D:\200 - Développement info\assoconnect_interro_api\Parametres\Params.psd1' est chargé.
[2026-08-07 16:04:40] [INFO] Début du script
[2026-08-07 16:04:40] [INFO] Le fichier 'D:\200 - Développement info\assoconnect_interro_api\Output\contacts.csv' n'existe pas. Aucun renommage nécessaire.
[2026-08-07 16:04:40] [INFO] Le fichier 'D:\200 - Développement info\assoconnect_interro_api\Output\contacts.json' n'existe pas. Aucun renommage nécessaire.
[2026-08-07 16:04:40] [SUCCESS] Le fichier 'D:\200 - Développement info\assoconnect_interro_api\Output\groups_avances.csv' est chargé.
[2026-08-07 16:04:40] [INFO] Indexation des groupes avancés terminée. Nombre de groupes : 295
[2026-08-07 16:06:23] [SUCCESS] Le fichier de paramètres 'D:\200 - Développement info\assoconnect_interro_api\Parametres\Params.psd1' est chargé.
[2026-08-07 16:06:23] [INFO] Début du script
[2026-08-07 16:06:23] [INFO] Le fichier 'D:\200 - Développement info\assoconnect_interro_api\Output\contacts.csv' n'existe pas. Aucun renommage nécessaire.
[2026-08-07 16:06:23] [INFO] Le fichier 'D:\200 - Développement info\assoconnect_interro_api\Output\contacts.json' n'existe pas. Aucun renommage nécessaire.
[2026-08-07 16:06:23] [SUCCESS] Le fichier 'D:\200 - Développement info\assoconnect_interro_api\Output\groups_avances.csv' est chargé.
[2026-08-07 16:06:23] [INFO] Indexation des groupes avancés terminée. Nombre de groupes : 295
[2026-08-07 16:08:41] [SUCCESS] Le fichier de paramètres 'D:\200 - Développement info\assoconnect_interro_api\Parametres\Params.psd1' est chargé.
[2026-08-07 16:08:41] [INFO] Début du script
[2026-08-07 16:08:41] [INFO] Le fichier 'D:\200 - Développement info\assoconnect_interro_api\Output\contacts.csv' n'existe pas. Aucun renommage nécessaire.
[2026-08-07 16:08:41] [INFO] Le fichier 'D:\200 - Développement info\assoconnect_interro_api\Output\contacts.json' n'existe pas. Aucun renommage nécessaire.
[2026-08-07 16:08:41] [SUCCESS] Le fichier 'D:\200 - Développement info\assoconnect_interro_api\Output\groups_avances.csv' est chargé.
[2026-08-07 16:08:41] [INFO] Indexation des groupes avancés terminée. Nombre de groupes : 295
[2026-08-07 16:10:32] [SUCCESS] Le fichier de paramètres 'D:\200 - Développement info\assoconnect_interro_api\Parametres\Params.psd1' est chargé.
[2026-08-07 16:10:32] [INFO] Début du script
[2026-08-07 16:10:32] [INFO] Le fichier 'D:\200 - Développement info\assoconnect_interro_api\Output\contacts.csv' n'existe pas. Aucun renommage nécessaire.
[2026-08-07 16:10:32] [INFO] Le fichier 'D:\200 - Développement info\assoconnect_interro_api\Output\contacts.json' n'existe pas. Aucun renommage nécessaire.
[2026-08-07 16:10:32] [SUCCESS] Le fichier 'D:\200 - Développement info\assoconnect_interro_api\Output\groups_avances.csv' est chargé.
[2026-08-07 16:10:32] [INFO] Indexation des groupes avancés terminée. Nombre de groupes : 295
[2026-08-07 16:10:57] [SUCCESS] Le fichier de paramètres 'D:\200 - Développement info\assoconnect_interro_api\Parametres\Params.psd1' est chargé.
[2026-08-07 16:10:57] [INFO] Début du script
[2026-08-07 16:10:57] [INFO] Le fichier 'D:\200 - Développement info\assoconnect_interro_api\Output\contacts.csv' n'existe pas. Aucun renommage nécessaire.
[2026-08-07 16:10:57] [INFO] Le fichier 'D:\200 - Développement info\assoconnect_interro_api\Output\contacts.json' n'existe pas. Aucun renommage nécessaire.
[2026-08-07 16:10:57] [SUCCESS] Le fichier 'D:\200 - Développement info\assoconnect_interro_api\Output\groups_avances.csv' est chargé.
[2026-08-07 16:10:57] [INFO] Indexation des groupes avancés terminée. Nombre de groupes : 295
[2026-08-07 16:11:20] [SUCCESS] Le fichier de paramètres 'D:\200 - Développement info\assoconnect_interro_api\Parametres\Params.psd1' est chargé.
[2026-08-07 16:11:20] [INFO] Début du script
[2026-08-07 16:11:20] [INFO] Le fichier 'D:\200 - Développement info\assoconnect_interro_api\Output\contacts.csv' n'existe pas. Aucun renommage nécessaire.
[2026-08-07 16:11:20] [INFO] Le fichier 'D:\200 - Développement info\assoconnect_interro_api\Output\contacts.json' n'existe pas. Aucun renommage nécessaire.
[2026-08-07 16:11:20] [SUCCESS] Le fichier 'D:\200 - Développement info\assoconnect_interro_api\Output\groups_avances.csv' est chargé.
[2026-08-07 16:11:20] [INFO] Indexation des groupes avancés terminée. Nombre de groupes : 295
[2026-08-07 16:11:42] [SUCCESS] Le fichier de paramètres 'D:\200 - Développement info\assoconnect_interro_api\Parametres\Params.psd1' est chargé.
[2026-08-07 16:11:42] [INFO] Début du script
[2026-08-07 16:11:42] [INFO] Le fichier 'D:\200 - Développement info\assoconnect_interro_api\Output\contacts.csv' n'existe pas. Aucun renommage nécessaire.
[2026-08-07 16:11:42] [INFO] Le fichier 'D:\200 - Développement info\assoconnect_interro_api\Output\contacts.json' n'existe pas. Aucun renommage nécessaire.
[2026-08-07 16:11:42] [SUCCESS] Le fichier 'D:\200 - Développement info\assoconnect_interro_api\Output\groups_avances.csv' est chargé.
[2026-08-07 16:11:42] [INFO] Indexation des groupes avancés terminée. Nombre de groupes : 295
[2026-08-07 16:12:25] [SUCCESS] Le fichier de paramètres 'D:\200 - Développement info\assoconnect_interro_api\Parametres\Params.psd1' est chargé.
[2026-08-07 16:12:25] [INFO] Début du script
[2026-08-07 16:12:25] [INFO] Le fichier 'D:\200 - Développement info\assoconnect_interro_api\Output\contacts.csv' n'existe pas. Aucun renommage nécessaire.
[2026-08-07 16:12:25] [INFO] Le fichier 'D:\200 - Développement info\assoconnect_interro_api\Output\contacts.json' n'existe pas. Aucun renommage nécessaire.
[2026-08-07 16:12:25] [SUCCESS] Le fichier 'D:\200 - Développement info\assoconnect_interro_api\Output\groups_avances.csv' est chargé.
[2026-08-07 16:12:25] [INFO] Indexation des groupes avancés terminée. Nombre de groupes : 295
[2026-08-07 16:56:25] [SUCCESS] Le fichier de paramètres 'D:\200 - Développement info\assoconnect_interro_api\Parametres\Params.psd1' est chargé.
[2026-08-07 16:56:25] [INFO] Début du script
[2026-08-07 16:56:25] [INFO] Le fichier 'D:\200 - Développement info\assoconnect_interro_api\Output\contacts.csv' n'existe pas. Aucun renommage nécessaire.
[2026-08-07 16:56:25] [INFO] Le fichier 'D:\200 - Développement info\assoconnect_interro_api\Output\contacts.json' n'existe pas. Aucun renommage nécessaire.
[2026-08-07 16:56:25] [SUCCESS] Le fichier 'D:\200 - Développement info\assoconnect_interro_api\Output\groups_avances.csv' est chargé.
[2026-08-07 16:56:25] [INFO] Indexation des groupes avancés terminée. Nombre de groupes : 295
[2026-08-07 16:58:08] [INFO] Nombre de contacts dans la base assoconnect : 13717
[2026-08-07 17:11:26] [SUCCESS] Le fichier de paramètres 'D:\200 - Développement info\assoconnect_interro_api\Parametres\Params.psd1' est chargé.
[2026-08-07 17:11:26] [INFO] Début du script
[2026-08-07 17:11:26] [INFO] Le fichier 'D:\200 - Développement info\assoconnect_interro_api\Output\contacts.csv' n'existe pas. Aucun renommage nécessaire.
[2026-08-07 17:11:26] [INFO] Le fichier 'D:\200 - Développement info\assoconnect_interro_api\Output\contacts.json' n'existe pas. Aucun renommage nécessaire.
[2026-08-07 17:11:26] [SUCCESS] Le fichier 'D:\200 - Développement info\assoconnect_interro_api\Output\groups_avances.csv' est chargé.
[2026-08-07 17:11:26] [INFO] Indexation des groupes avancés terminée. Nombre de groupes : 295
[2026-08-07 17:11:52] [INFO] Nombre de contacts dans la base assoconnect : 13717
[2026-08-07 17:24:02] [SUCCESS] Le fichier de paramètres 'D:\200 - Développement info\assoconnect_interro_api\Parametres\Params.psd1' est chargé.
[2026-08-07 17:24:02] [INFO] Début du script
[2026-08-07 17:24:02] [INFO] Le fichier 'D:\200 - Développement info\assoconnect_interro_api\Output\contacts.csv' n'existe pas. Aucun renommage nécessaire.
[2026-08-07 17:24:02] [INFO] Le fichier 'D:\200 - Développement info\assoconnect_interro_api\Output\contacts.json' n'existe pas. Aucun renommage nécessaire.
[2026-08-07 17:24:02] [SUCCESS] Le fichier 'D:\200 - Développement info\assoconnect_interro_api\Output\groups_avances.csv' est chargé.
[2026-08-07 17:24:02] [INFO] Indexation des groupes avancés terminée. Nombre de groupes : 295
[2026-08-07 17:25:34] [SUCCESS] Le fichier de paramètres 'D:\200 - Développement info\assoconnect_interro_api\Parametres\Params.psd1' est chargé.
[2026-08-07 17:25:34] [INFO] Début du script
[2026-08-07 17:25:34] [INFO] Le fichier 'D:\200 - Développement info\assoconnect_interro_api\Output\contacts.csv' n'existe pas. Aucun renommage nécessaire.
[2026-08-07 17:25:34] [INFO] Le fichier 'D:\200 - Développement info\assoconnect_interro_api\Output\contacts.json' n'existe pas. Aucun renommage nécessaire.
[2026-08-07 17:25:34] [SUCCESS] Le fichier 'D:\200 - Développement info\assoconnect_interro_api\Output\groups_avances.csv' est chargé.
[2026-08-07 17:25:34] [INFO] Indexation des groupes avancés terminée. Nombre de groupes : 295
[2026-08-07 17:26:50] [SUCCESS] Le fichier de paramètres 'D:\200 - Développement info\assoconnect_interro_api\Parametres\Params.psd1' est chargé.
[2026-08-07 17:26:50] [INFO] Début du script
[2026-08-07 17:26:50] [INFO] Le fichier 'D:\200 - Développement info\assoconnect_interro_api\Output\contacts.csv' n'existe pas. Aucun renommage nécessaire.
[2026-08-07 17:26:50] [INFO] Le fichier 'D:\200 - Développement info\assoconnect_interro_api\Output\contacts.json' n'existe pas. Aucun renommage nécessaire.
[2026-08-07 17:26:51] [SUCCESS] Le fichier 'D:\200 - Développement info\assoconnect_interro_api\Output\groups_avances.csv' est chargé.
[2026-08-07 17:26:51] [INFO] Indexation des groupes avancés terminée. Nombre de groupes : 295
[2026-08-07 17:33:49] [INFO] Nombre de contacts dans la base assoconnect : 13717
[2026-08-07 17:45:42] [SUCCESS] Le fichier de paramètres 'D:\200 - Développement info\assoconnect_interro_api\Parametres\Params.psd1' est chargé.
[2026-08-07 17:45:42] [INFO] Début du script
[2026-08-07 17:45:42] [INFO] Le fichier 'D:\200 - Développement info\assoconnect_interro_api\Output\contacts.csv' n'existe pas. Aucun renommage nécessaire.
[2026-08-07 17:45:42] [INFO] Le fichier 'D:\200 - Développement info\assoconnect_interro_api\Output\contacts.json' n'existe pas. Aucun renommage nécessaire.
[2026-08-07 17:45:42] [SUCCESS] Le fichier 'D:\200 - Développement info\assoconnect_interro_api\Output\groups_avances.csv' est chargé.
[2026-08-07 17:45:42] [INFO] Indexation des groupes avancés terminée. Nombre de groupes : 295
[2026-08-07 17:45:47] [INFO] Nombre de contacts dans la base assoconnect : 13717
