[2026-08-08 08:27:07] [SUCCESS] Le fichier de paramètres 'D:\200 - Développement info\assoconnect_interro_api\Parametres\Params.psd1' est chargé.
[2026-08-08 08:27:07] [INFO] Début du script
[2026-08-08 08:27:07] [INFO] Le fichier 'D:\200 - Développement info\assoconnect_interro_api\Output\contacts.csv' n'existe pas. Aucun renommage nécessaire.
[2026-08-08 08:27:07] [INFO] Le fichier 'D:\200 - Développement info\assoconnect_interro_api\Output\contacts.json' n'existe pas. Aucun renommage nécessaire.
[2026-08-08 08:27:07] [SUCCESS] Le fichier 'D:\200 - Développement info\assoconnect_interro_api\Output\groups_avances.csv' est chargé.
[2026-08-08 08:27:07] [INFO] Indexation des groupes avancés terminée. Nombre de groupes : 295
[2026-08-08 08:29:32] [SUCCESS] Le fichier de paramètres 'D:\200 - Développement info\assoconnect_interro_api\Parametres\Params.psd1' est chargé.
[2026-08-08 08:29:32] [INFO] Début du script
[2026-08-08 08:29:32] [INFO] Le fichier 'D:\200 - Développement info\assoconnect_interro_api\Output\contacts.csv' n'existe pas. Aucun renommage nécessaire.
[2026-08-08 08:29:32] [INFO] Le fichier 'D:\200 - Développement info\assoconnect_interro_api\Output\contacts.json' n'existe pas. Aucun renommage nécessaire.
[2026-08-08 08:29:32] [SUCCESS] Le fichier 'D:\200 - Développement info\assoconnect_interro_api\Output\groups_avances.csv' est chargé.
[2026-08-08 08:29:32] [INFO] Indexation des groupes avancés terminée. Nombre de groupes : 295
[2026-08-08 08:29:35] [INFO] Nombre de contacts dans la base assoconnect : 13716
[2026-08-08 08:31:23] [SUCCESS] Le fichier de paramètres 'D:\200 - Développement info\assoconnect_interro_api\Parametres\Params.psd1' est chargé.
[2026-08-08 08:31:23] [INFO] Début du script
[2026-08-08 08:31:23] [INFO] Le fichier 'D:\200 - Développement info\assoconnect_interro_api\Output\contacts.csv' n'existe pas. Aucun renommage nécessaire.
[2026-08-08 08:31:23] [INFO] Le fichier 'D:\200 - Développement info\assoconnect_interro_api\Output\contacts.json' n'existe pas. Aucun renommage nécessaire.
[2026-08-08 08:31:23] [SUCCESS] Le fichier 'D:\200 - Développement info\assoconnect_interro_api\Output\groups_avances.csv' est chargé.
[2026-08-08 08:31:23] [INFO] Indexation des groupes avancés terminée. Nombre de groupes : 295
[2026-08-08 08:31:27] [INFO] Nombre de contacts dans la base assoconnect : 13716
[2026-08-08 08:33:36] [SUCCESS] Le fichier de paramètres 'D:\200 - Développement info\assoconnect_interro_api\Parametres\Params.psd1' est chargé.
[2026-08-08 08:33:36] [INFO] Début du script
[2026-08-08 08:33:36] [INFO] Le fichier 'D:\200 - Développement info\assoconnect_interro_api\Output\contacts.csv' n'existe pas. Aucun renommage nécessaire.
[2026-08-08 08:33:36] [INFO] Le fichier 'D:\200 - Développement info\assoconnect_interro_api\Output\contacts.json' n'existe pas. Aucun renommage nécessaire.
[2026-08-08 08:33:36] [SUCCESS] Le fichier 'D:\200 - Développement info\assoconnect_interro_api\Output\groups_avances.csv' est chargé.
[2026-08-08 08:33:36] [INFO] Indexation des groupes avancés terminée. Nombre de groupes : 295
[2026-08-08 08:33:39] [INFO] Nombre de contacts dans la base assoconnect : 13716
[2026-08-08 08:35:00] [SUCCESS] Le fichier de paramètres 'D:\200 - Développement info\assoconnect_interro_api\Parametres\Params.psd1' est chargé.
[2026-08-08 08:35:00] [INFO] Début du script
[2026-08-08 08:35:00] [INFO] Le fichier 'D:\200 - Développement info\assoconnect_interro_api\Output\contacts.csv' n'existe pas. Aucun renommage nécessaire.
[2026-08-08 08:35:00] [INFO] Le fichier 'D:\200 - Développement info\assoconnect_interro_api\Output\contacts.json' n'existe pas. Aucun renommage nécessaire.
[2026-08-08 08:35:00] [SUCCESS] Le fichier 'D:\200 - Développement info\assoconnect_interro_api\Output\groups_avances.csv' est chargé.
[2026-08-08 08:35:00] [INFO] Indexation des groupes avancés terminée. Nombre de groupes : 295
[2026-08-08 08:35:03] [INFO] Nombre de contacts dans la base assoconnect : 13716
[2026-08-08 08:40:30] [SUCCESS] Le fichier de paramètres 'D:\200 - Développement info\assoconnect_interro_api\Parametres\Params.psd1' est chargé.
[2026-08-08 08:40:30] [INFO] Début du script
[2026-08-08 08:40:30] [INFO] Le fichier 'D:\200 - Développement info\assoconnect_interro_api\Output\contacts.csv' n'existe pas. Aucun renommage nécessaire.
[2026-08-08 08:40:30] [INFO] Le fichier 'D:\200 - Développement info\assoconnect_interro_api\Output\contacts.json' n'existe pas. Aucun renommage nécessaire.
[2026-08-08 08:40:30] [SUCCESS] Le fichier 'D:\200 - Développement info\assoconnect_interro_api\Output\groups_avances.csv' est chargé.
[2026-08-08 08:40:30] [INFO] Indexation des groupes avancés terminée. Nombre de groupes : 295
[2026-08-08 08:40:34] [INFO] Nombre de contacts dans la base assoconnect : 13716
[2026-08-08 08:42:32] [SUCCESS] Le fichier de paramètres 'D:\200 - Développement info\assoconnect_interro_api\Parametres\Params.psd1' est chargé.
[2026-08-08 08:42:32] [INFO] Début du script
[2026-08-08 08:42:32] [INFO] Le fichier 'D:\200 - Développement info\assoconnect_interro_api\Output\contacts.csv' n'existe pas. Aucun renommage nécessaire.
[2026-08-08 08:42:32] [INFO] Le fichier 'D:\200 - Développement info\assoconnect_interro_api\Output\contacts.json' n'existe pas. Aucun renommage nécessaire.
[2026-08-08 08:42:32] [SUCCESS] Le fichier 'D:\200 - Développement info\assoconnect_interro_api\Output\groups_avances.csv' est chargé.
[2026-08-08 08:42:32] [INFO] Indexation des groupes avancés terminée. Nombre de groupes : 295
[2026-08-08 08:42:36] [INFO] Nombre de contacts dans la base assoconnect : 13716
[2026-08-08 08:44:02] [SUCCESS] Le fichier de paramètres 'D:\200 - Développement info\assoconnect_interro_api\Parametres\Params.psd1' est chargé.
[2026-08-08 08:44:02] [INFO] Début du script
[2026-08-08 08:44:02] [INFO] Le fichier 'D:\200 - Développement info\assoconnect_interro_api\Output\contacts.csv' n'existe pas. Aucun renommage nécessaire.
[2026-08-08 08:44:02] [INFO] Le fichier 'D:\200 - Développement info\assoconnect_interro_api\Output\contacts.json' n'existe pas. Aucun renommage nécessaire.
[2026-08-08 08:44:02] [SUCCESS] Le fichier 'D:\200 - Développement info\assoconnect_interro_api\Output\groups_avances.csv' est chargé.
[2026-08-08 08:44:02] [INFO] Indexation des groupes avancés terminée. Nombre de groupes : 295
[2026-08-08 08:44:04] [INFO] Nombre de contacts dans la base assoconnect : 13716
[2026-08-08 08:46:08] [SUCCESS] Le fichier de paramètres 'D:\200 - Développement info\assoconnect_interro_api\Parametres\Params.psd1' est chargé.
[2026-08-08 08:46:08] [INFO] Début du script
[2026-08-08 08:46:08] [INFO] Le fichier 'D:\200 - Développement info\assoconnect_interro_api\Output\contacts.csv' n'existe pas. Aucun renommage nécessaire.
[2026-08-08 08:46:08] [INFO] Le fichier 'D:\200 - Développement info\assoconnect_interro_api\Output\contacts.json' n'existe pas. Aucun renommage nécessaire.
[2026-08-08 08:46:08] [SUCCESS] Le fichier 'D:\200 - Développement info\assoconnect_interro_api\Output\groups_avances.csv' est chargé.
[2026-08-08 08:46:08] [INFO] Indexation des groupes avancés terminée. Nombre de groupes : 295
[2026-08-08 08:46:12] [INFO] Nombre de contacts dans la base assoconnect : 13716
[2026-08-08 09:01:42] [SUCCESS] Le fichier de paramètres 'D:\200 - Développement info\assoconnect_interro_api\Parametres\Params.psd1' est chargé.
[2026-08-08 09:01:42] [INFO] Début du script
[2026-08-08 09:01:42] [INFO] Le fichier 'D:\200 - Développement info\assoconnect_interro_api\Output\contacts.csv' n'existe pas. Aucun renommage nécessaire.
[2026-08-08 09:01:42] [INFO] Le fichier 'D:\200 - Développement info\assoconnect_interro_api\Output\contacts.json' n'existe pas. Aucun renommage nécessaire.
[2026-08-08 09:01:42] [SUCCESS] Le fichier 'D:\200 - Développement info\assoconnect_interro_api\Output\groups_avances.csv' est chargé.
[2026-08-08 09:01:42] [INFO] Indexation des groupes avancés terminée. Nombre de groupes : 295
[2026-08-08 09:02:20] [SUCCESS] Le fichier de paramètres 'D:\200 - Développement info\assoconnect_interro_api\Parametres\Params.psd1' est chargé.
[2026-08-08 09:02:20] [INFO] Début du script
[2026-08-08 09:02:20] [INFO] Le fichier 'D:\200 - Développement info\assoconnect_interro_api\Output\contacts.csv' n'existe pas. Aucun renommage nécessaire.
[2026-08-08 09:02:20] [INFO] Le fichier 'D:\200 - Développement info\assoconnect_interro_api\Output\contacts.json' n'existe pas. Aucun renommage nécessaire.
[2026-08-08 09:02:20] [SUCCESS] Le fichier 'D:\200 - Développement info\assoconnect_interro_api\Output\groups_avances.csv' est chargé.
[2026-08-08 09:02:20] [INFO] Indexation des groupes avancés terminée. Nombre de groupes : 295
[2026-08-08 09:02:55] [INFO] Nombre de contacts dans la base assoconnect : 13716
[2026-08-08 09:05:49] [SUCCESS] Le fichier de paramètres 'D:\200 - Développement info\assoconnect_interro_api\Parametres\Params.psd1' est chargé.
[2026-08-08 09:05:49] [INFO] Début du script
[2026-08-08 09:05:49] [INFO] Le fichier 'D:\200 - Développement info\assoconnect_interro_api\Output\contacts.csv' n'existe pas. Aucun renommage nécessaire.
[2026-08-08 09:05:49] [INFO] Le fichier 'D:\200 - Développement info\assoconnect_interro_api\Output\contacts.json' n'existe pas. Aucun renommage nécessaire.
[2026-08-08 09:05:49] [SUCCESS] Le fichier 'D:\200 - Développement info\assoconnect_interro_api\Output\groups_avances.csv' est chargé.
[2026-08-08 09:05:49] [INFO] Indexation des groupes avancés terminée. Nombre de groupes : 295
[2026-08-08 09:05:53] [INFO] Nombre de contacts dans la base assoconnect : 13716
[2026-08-08 09:08:28] [SUCCESS] Le fichier de paramètres 'D:\200 - Développement info\assoconnect_interro_api\Parametres\Params.psd1' est chargé.
[2026-08-08 09:08:28] [INFO] Début du script
[2026-08-08 09:08:28] [INFO] Le fichier 'D:\200 - Développement info\assoconnect_interro_api\Output\contacts.csv' n'existe pas. Aucun renommage nécessaire.
[2026-08-08 09:08:28] [INFO] Le fichier 'D:\200 - Développement info\assoconnect_interro_api\Output\contacts.json' n'existe pas. Aucun renommage nécessaire.
[2026-08-08 09:08:28] [SUCCESS] Le fichier 'D:\200 - Développement info\assoconnect_interro_api\Output\groups_avances.csv' est chargé.
[2026-08-08 09:08:28] [INFO] Indexation des groupes avancés terminée. Nombre de groupes : 295
[2026-08-08 09:08:33] [INFO] Nombre de contacts dans la base assoconnect : 13716
[2026-08-08 09:09:19] [SUCCESS] Le fichier de paramètres 'D:\200 - Développement info\assoconnect_interro_api\Parametres\Params.psd1' est chargé.
[2026-08-08 09:09:19] [INFO] Début du script
[2026-08-08 09:09:19] [INFO] Le fichier 'D:\200 - Développement info\assoconnect_interro_api\Output\contacts.csv' n'existe pas. Aucun renommage nécessaire.
[2026-08-08 09:09:19] [INFO] Le fichier 'D:\200 - Développement info\assoconnect_interro_api\Output\contacts.json' n'existe pas. Aucun renommage nécessaire.
[2026-08-08 09:09:19] [SUCCESS] Le fichier 'D:\200 - Développement info\assoconnect_interro_api\Output\groups_avances.csv' est chargé.
[2026-08-08 09:09:19] [INFO] Indexation des groupes avancés terminée. Nombre de groupes : 295
[2026-08-08 09:09:22] [INFO] Nombre de contacts dans la base assoconnect : 13716
